DEBUG -- 2022-05-24 08:16:57,166: get book list []
ERROR -- 2022-05-24 09:29:36,299: good
ERROR -- 2022-05-24 09:29:40,159: good
ERROR -- 2022-05-24 09:29:40,983: good
ERROR -- 2022-05-24 09:29:45,921: good
